2021-11-08 13:36:06,765:DEBUG:Add: 20 + 10 = 30
2021-11-08 13:36:06,765:DEBUG:Subtract: 20 - 10 = 10
2021-11-08 13:36:06,765:DEBUG:Multiple: 20 * 10 = 200
2021-11-08 13:36:06,765:DEBUG:Divide: 20 / 10 = 2.0
